[0.018s][info][gc] Using G1
[3.095s][info][gc] GC(0) Pause Young (Normal) (G1 Evacuation Pause) 5M->2M(12M) 5.408ms
[3.139s][info][gc] GC(1) Pause Young (Normal) (G1 Evacuation Pause) 4M->2M(12M) 2.259ms
[3.237s][info][gc] GC(2) Pause Young (Normal) (G1 Evacuation Pause) 4M->3M(12M) 1.218ms
[3.350s][info][gc] GC(3) Pause Young (Normal) (G1 Evacuation Pause) 6M->3M(12M) 3.390ms
[3.401s][info][gc] GC(4) Pause Young (Normal) (G1 Evacuation Pause) 6M->3M(12M) 2.050ms
[3.753s][info][gc] GC(5) Pause Young (Normal) (G1 Evacuation Pause) 6M->3M(12M) 0.773ms
[3.930s][info][gc] GC(6) Pause Young (Normal) (G1 Evacuation Pause) 7M->3M(12M) 1.284ms
[4.233s][info][gc] GC(7) Pause Young (Normal) (G1 Evacuation Pause) 7M->4M(12M) 2.654ms
[27.403s][info][gc] GC(8) Pause Young (Normal) (G1 Evacuation Pause) 9M->6M(12M) 2.575ms
[34.103s][info][gc] GC(9) Pause Young (Concurrent Start) (G1 Humongous Allocation) 6M->5M(12M) 2.907ms
[34.108s][info][gc] GC(10) Concurrent Mark Cycle
[34.123s][info][gc] GC(10) Pause Remark 5M->5M(12M) 3.579ms
[34.131s][info][gc] GC(10) Pause Cleanup 7M->7M(12M) 0.039ms
[34.149s][info][gc] GC(10) Concurrent Mark Cycle 41.400ms
[34.153s][info][gc] GC(11) Pause Young (Prepare Mixed) (G1 Evacuation Pause) 9M->7M(12M) 1.022ms
[34.168s][info][gc] GC(12) Pause Young (Mixed) (G1 Evacuation Pause) 9M->6M(12M) 1.679ms
[34.178s][info][gc] GC(13) Pause Young (Concurrent Start) (G1 Evacuation Pause) 8M->6M(12M) 1.289ms
[34.178s][info][gc] GC(14) Concurrent Mark Cycle
[34.191s][info][gc] GC(14) Pause Remark 6M->6M(12M) 4.448ms
[34.194s][info][gc] GC(15) Pause Young (Normal) (G1 Evacuation Pause) 8M->6M(12M) 0.742ms
[34.196s][info][gc] GC(14) Pause Cleanup 6M->6M(12M) 0.035ms
[34.196s][info][gc] GC(14) Concurrent Mark Cycle 17.777ms
[34.199s][info][gc] GC(16) Pause Young (Prepare Mixed) (G1 Evacuation Pause) 8M->7M(12M) 0.806ms
[34.203s][info][gc] GC(17) Pause Young (Mixed) (G1 Evacuation Pause) 8M->6M(12M) 1.682ms
[34.206s][info][gc] GC(18) Pause Young (Concurrent Start) (G1 Evacuation Pause) 8M->6M(12M) 0.580ms
[34.206s][info][gc] GC(19) Concurrent Mark Cycle
[34.215s][info][gc] GC(19) Pause Remark 6M->6M(12M) 2.491ms
[34.218s][info][gc] GC(20) Pause Young (Normal) (G1 Evacuation Pause) 8M->7M(12M) 0.619ms
[34.220s][info][gc] GC(19) Pause Cleanup 7M->7M(12M) 0.025ms
[34.220s][info][gc] GC(19) Concurrent Mark Cycle 13.783ms
[34.222s][info][gc] GC(21) Pause Young (Prepare Mixed) (G1 Evacuation Pause) 9M->7M(12M) 0.393ms
[34.226s][info][gc] GC(22) Pause Young (Mixed) (G1 Evacuation Pause) 9M->7M(12M) 1.571ms
[34.229s][info][gc] GC(23) Pause Young (Concurrent Start) (G1 Evacuation Pause) 9M->7M(12M) 0.829ms
[34.229s][info][gc] GC(24) Concurrent Mark Cycle
[34.238s][info][gc] GC(24) Pause Remark 7M->7M(12M) 1.379ms
[34.241s][info][gc] GC(25) Pause Young (Normal) (G1 Evacuation Pause) 9M->7M(12M) 0.475ms
[34.241s][info][gc] GC(24) Pause Cleanup 7M->7M(12M) 0.027ms
[34.241s][info][gc] GC(24) Concurrent Mark Cycle 11.957ms
[34.244s][info][gc] GC(26) Pause Young (Concurrent Start) (G1 Humongous Allocation) 8M->7M(12M) 0.501ms
[34.244s][info][gc] GC(27) Concurrent Mark Cycle
[34.254s][info][gc] GC(27) Pause Remark 8M->8M(12M) 1.337ms
[34.256s][info][gc] GC(27) Pause Cleanup 8M->8M(12M) 0.023ms
[34.256s][info][gc] GC(27) Concurrent Mark Cycle 12.138ms
[43.491s][info][gc] GC(28) Pause Young (Concurrent Start) (G1 Humongous Allocation) 9M->5M(12M) 4.264ms
[43.493s][info][gc] GC(29) Concurrent Undo Cycle
[43.493s][info][gc] GC(29) Concurrent Undo Cycle 0.131ms
[63.153s][info][gc] GC(30) Pause Young (Concurrent Start) (G1 Humongous Allocation) 8M->5M(12M) 2.869ms
[63.154s][info][gc] GC(31) Concurrent Mark Cycle
[63.163s][info][gc] GC(31) Pause Remark 5M->5M(12M) 1.845ms
[63.172s][info][gc] GC(31) Pause Cleanup 6M->6M(12M) 0.029ms
[63.172s][info][gc] GC(31) Concurrent Mark Cycle 17.686ms
[92.895s][info][gc] GC(32) Pause Young (Prepare Mixed) (G1 Evacuation Pause) 9M->6M(12M) 0.599ms
[112.908s][info][gc] GC(33) Pause Young (Mixed) (G1 Evacuation Pause) 8M->6M(12M) 1.511ms
[132.561s][info][gc] GC(34) Pause Young (Concurrent Start) (G1 Evacuation Pause) 8M->6M(12M) 0.677ms
[132.561s][info][gc] GC(35) Concurrent Mark Cycle
[132.571s][info][gc] GC(35) Pause Remark 6M->6M(12M) 1.768ms
[132.574s][info][gc] GC(35) Pause Cleanup 6M->6M(12M) 0.027ms
[132.574s][info][gc] GC(35) Concurrent Mark Cycle 12.789ms
[152.926s][info][gc] GC(36) Pause Young (Normal) (G1 Evacuation Pause) 8M->6M(12M) 0.615ms
[173.674s][info][gc] GC(37) Pause Young (Concurrent Start) (G1 Evacuation Pause) 8M->6M(12M) 0.708ms
[173.674s][info][gc] GC(38) Concurrent Mark Cycle
[173.682s][info][gc] GC(38) Pause Remark 6M->6M(12M) 1.783ms
[173.685s][info][gc] GC(38) Pause Cleanup 6M->6M(12M) 0.030ms
[173.686s][info][gc] GC(38) Concurrent Mark Cycle 11.872ms
[193.228s][info][gc] GC(39) Pause Young (Normal) (G1 Evacuation Pause) 8M->5M(12M) 0.767ms
