[0.030s][info][gc] Using Serial
[0.884s][info][gc] GC(0) Pause Young (Allocation Failure) 4M->2M(15M) 5.062ms
[5.223s][info][gc] GC(1) Pause Young (Allocation Failure) 6M->2M(15M) 4.701ms
[5.348s][info][gc] GC(2) Pause Young (Allocation Failure) 7M->3M(15M) 3.884ms
[5.401s][info][gc] GC(3) Pause Young (Allocation Failure) 8M->5M(15M) 5.337ms
[5.938s][info][gc] GC(4) Pause Young (Allocation Failure) 10M->6M(15M) 4.054ms
[6.417s][info][gc] GC(5) Pause Young (Allocation Failure) 10M->7M(15M) 5.210ms
[33.649s][info][gc] GC(6) Pause Young (Allocation Failure) 11M->7M(15M) 2.724ms
[50.589s][info][gc] GC(7) Pause Young (Allocation Failure) 11M->7M(15M) 1.154ms
[50.604s][info][gc] GC(8) Pause Young (Allocation Failure) 12M->7M(15M) 0.956ms
[50.619s][info][gc] GC(9) Pause Young (Allocation Failure) 12M->7M(15M) 1.012ms
[50.638s][info][gc] GC(10) Pause Young (Allocation Failure) 12M->7M(15M) 0.984ms
[50.651s][info][gc] GC(11) Pause Young (Allocation Failure) 12M->7M(15M) 0.987ms
[86.323s][info][gc] GC(12) Pause Young (Allocation Failure) 12M->7M(15M) 2.436ms
[121.309s][info][gc] GC(13) Pause Young (Allocation Failure) 12M->7M(15M) 1.335ms
[121.332s][info][gc] GC(14) Pause Young (Allocation Failure) 12M->7M(15M) 3.376ms
[121.342s][info][gc] GC(15) Pause Young (Allocation Failure) 12M->7M(15M) 0.728ms
[121.353s][info][gc] GC(16) Pause Young (Allocation Failure) 12M->7M(15M) 0.889ms
[121.368s][info][gc] GC(17) Pause Young (Allocation Failure) 12M->7M(15M) 0.762ms
[140.422s][info][gc] GC(18) Pause Young (Allocation Failure) 12M->7M(15M) 0.884ms
