[0.333s][info][gc] Using Serial
[1.649s][info][gc] GC(0) Pause Young (Allocation Failure) 3M->1M(11M) 5.404ms
[85.844s][info][gc] GC(1) Pause Young (Allocation Failure) 5M->2M(11M) 4.311ms
[85.975s][info][gc] GC(2) Pause Young (Allocation Failure) 5M->3M(11M) 2.578ms
[86.020s][info][gc] GC(3) Pause Young (Allocation Failure) 6M->4M(11M) 3.181ms
[86.053s][info][gc] GC(4) Pause Young (Allocation Failure) 7M->5M(11M) 5.016ms
[86.496s][info][gc] GC(5) Pause Young (Allocation Failure) 8M->6M(11M) 3.188ms
[86.703s][info][gc] GC(6) Pause Young (Allocation Failure) 9M->6M(11M) 2.566ms
[87.068s][info][gc] GC(7) Pause Young (Allocation Failure) 10M->10M(11M) 0.038ms
[87.084s][info][gc] GC(8) Pause Full (Allocation Failure) 10M->4M(11M) 16.134ms
[106.292s][info][gc] GC(9) Pause Young (Allocation Failure) 7M->4M(11M) 4.289ms
[136.641s][info][gc] GC(10) Pause Young (Allocation Failure) 8M->4M(11M) 1.280ms
[142.422s][info][gc] GC(11) Pause Young (Allocation Failure) 8M->4M(11M) 1.047ms
[144.376s][info][gc] GC(12) Pause Young (Allocation Failure) 8M->4M(11M) 0.998ms
[146.276s][info][gc] GC(13) Pause Young (Allocation Failure) 8M->4M(11M) 1.853ms
[148.177s][info][gc] GC(14) Pause Young (Allocation Failure) 8M->4M(11M) 3.322ms
[150.077s][info][gc] GC(15) Pause Young (Allocation Failure) 8M->4M(11M) 3.895ms
[151.979s][info][gc] GC(16) Pause Young (Allocation Failure) 8M->4M(11M) 3.701ms
[153.970s][info][gc] GC(17) Pause Young (Allocation Failure) 8M->4M(11M) 1.465ms
[155.870s][info][gc] GC(18) Pause Young (Allocation Failure) 8M->4M(11M) 1.352ms
[157.772s][info][gc] GC(19) Pause Young (Allocation Failure) 8M->4M(11M) 1.155ms
[159.677s][info][gc] GC(20) Pause Young (Allocation Failure) 8M->4M(11M) 3.165ms
[179.256s][info][gc] GC(21) Pause Young (Allocation Failure) 8M->4M(11M) 0.985ms
[205.970s][info][gc] GC(22) Pause Young (Allocation Failure) 8M->5M(11M) 1.203ms
[238.724s][info][gc] GC(23) Pause Young (Allocation Failure) 8M->5M(11M) 1.616ms
[238.730s][info][gc] GC(24) Pause Young (Allocation Failure) 9M->6M(11M) 1.371ms
[238.735s][info][gc] GC(25) Pause Young (Allocation Failure) 10M->10M(11M) 0.037ms
[238.755s][info][gc] GC(26) Pause Full (Allocation Failure) 10M->6M(11M) 19.832ms
[238.796s][info][gc] GC(27) Pause Young (Allocation Failure) 9M->6M(11M) 0.530ms
[238.800s][info][gc] GC(28) Pause Young (Allocation Failure) 10M->6M(11M) 0.416ms
[238.806s][info][gc] GC(29) Pause Young (Allocation Failure) 10M->7M(11M) 0.594ms
[238.810s][info][gc] GC(30) Pause Young (Allocation Failure) 10M->10M(11M) 0.039ms
[238.823s][info][gc] GC(31) Pause Full (Allocation Failure) 10M->6M(11M) 12.381ms
[238.828s][info][gc] GC(32) Pause Young (Allocation Failure) 10M->10M(11M) 0.048ms
[238.842s][info][gc] GC(33) Pause Full (Allocation Failure) 10M->6M(11M) 13.945ms
[238.864s][info][gc] GC(34) Pause Young (Allocation Failure) 9M->6M(11M) 0.345ms
[245.014s][info][gc] GC(35) Pause Young (Allocation Failure) 10M->6M(11M) 0.812ms
[281.059s][info][gc] GC(36) Pause Young (Allocation Failure) 10M->6M(11M) 0.552ms
[307.266s][info][gc] GC(37) Pause Young (Allocation Failure) 10M->7M(11M) 1.070ms
[343.477s][info][gc] GC(38) Pause Young (Allocation Failure) 10M->10M(11M) 0.037ms
[343.491s][info][gc] GC(39) Pause Full (Allocation Failure) 10M->4M(11M) 13.962ms
[380.349s][info][gc] GC(40) Pause Young (Allocation Failure) 8M->5M(11M) 0.394ms
[416.384s][info][gc] GC(41) Pause Young (Allocation Failure) 8M->5M(11M) 0.833ms
[441.539s][info][gc] GC(42) Pause Young (Allocation Failure) 8M->5M(11M) 0.611ms
[478.551s][info][gc] GC(43) Pause Young (Allocation Failure) 9M->5M(11M) 0.551ms
[515.632s][info][gc] GC(44) Pause Young (Allocation Failure) 9M->5M(11M) 0.430ms
[552.702s][info][gc] GC(45) Pause Young (Allocation Failure) 9M->5M(11M) 0.646ms
[589.473s][info][gc] GC(46) Pause Young (Allocation Failure) 9M->5M(11M) 1.120ms
[626.488s][info][gc] GC(47) Pause Young (Allocation Failure) 9M->5M(11M) 0.704ms
[663.518s][info][gc] GC(48) Pause Young (Allocation Failure) 9M->5M(11M) 1.123ms
[699.985s][info][gc] GC(49) Pause Young (Allocation Failure) 9M->5M(11M) 0.493ms
[736.070s][info][gc] GC(50) Pause Young (Allocation Failure) 9M->6M(11M) 0.757ms
[773.074s][info][gc] GC(51) Pause Young (Allocation Failure) 9M->5M(11M) 0.465ms
[809.178s][info][gc] GC(52) Pause Young (Allocation Failure) 9M->5M(11M) 1.062ms
[846.608s][info][gc] GC(53) Pause Young (Allocation Failure) 9M->5M(11M) 0.532ms
