[0.012s][info][gc] Using Parallel
[0.882s][info][gc] GC(0) Pause Young (Allocation Failure) 3M->1M(11M) 3.036ms
[2.038s][info][gc] GC(1) Pause Young (Allocation Failure) 4M->2M(11M) 2.333ms
[2.141s][info][gc] GC(2) Pause Young (Allocation Failure) 5M->3M(11M) 1.846ms
[2.211s][info][gc] GC(3) Pause Young (Allocation Failure) 6M->3M(11M) 3.920ms
[2.258s][info][gc] GC(4) Pause Young (Allocation Failure) 6M->4M(11M) 2.309ms
[2.467s][info][gc] GC(5) Pause Young (Allocation Failure) 7M->5M(10M) 4.674ms
[2.552s][info][gc] GC(6) Pause Young (Allocation Failure) 7M->6M(11M) 1.808ms
[2.595s][info][gc] GC(7) Pause Young (Allocation Failure) 8M->6M(11M) 2.096ms
[2.827s][info][gc] GC(8) Pause Young (Allocation Failure) 8M->6M(11M) 2.188ms
[2.980s][info][gc] GC(9) Pause Young (Allocation Failure) 8M->6M(11M) 2.000ms
[12.633s][info][gc] GC(10) Pause Young (Allocation Failure) 8M->6M(11M) 2.338ms
[12.659s][info][gc] GC(11) Pause Full (Ergonomics) 6M->4M(11M) 26.125ms
[19.797s][info][gc] GC(12) Pause Young (Allocation Failure) 5M->4M(11M) 3.909ms
[30.651s][info][gc] GC(13) Pause Young (Allocation Failure) 6M->5M(11M) 1.205ms
[31.058s][info][gc] GC(14) Pause Young (Allocation Failure) 7M->6M(11M) 5.114ms
[31.069s][info][gc] GC(15) Pause Young (Allocation Failure) 8M->6M(11M) 0.920ms
[31.091s][info][gc] GC(16) Pause Full (Ergonomics) 6M->6M(11M) 21.405ms
[31.097s][info][gc] GC(17) Pause Young (Allocation Failure) 8M->6M(11M) 0.314ms
[31.100s][info][gc] GC(18) Pause Young (Allocation Failure) 8M->6M(11M) 0.216ms
[31.102s][info][gc] GC(19) Pause Young (Allocation Failure) 8M->6M(11M) 0.218ms
[31.105s][info][gc] GC(20) Pause Young (Allocation Failure) 8M->6M(11M) 0.184ms
[31.107s][info][gc] GC(21) Pause Young (Allocation Failure) 8M->6M(11M) 0.266ms
[31.111s][info][gc] GC(22) Pause Young (Allocation Failure) 8M->6M(11M) 0.351ms
[31.114s][info][gc] GC(23) Pause Young (Allocation Failure) 8M->6M(11M) 0.302ms
[31.125s][info][gc] GC(24) Pause Full (Ergonomics) 6M->6M(11M) 11.744ms
[31.128s][info][gc] GC(25) Pause Young (Allocation Failure) 8M->6M(11M) 0.353ms
[31.132s][info][gc] GC(26) Pause Young (Allocation Failure) 8M->6M(11M) 0.254ms
[31.134s][info][gc] GC(27) Pause Young (Allocation Failure) 8M->6M(11M) 0.227ms
[31.137s][info][gc] GC(28) Pause Young (Allocation Failure) 8M->6M(11M) 0.213ms
[31.140s][info][gc] GC(29) Pause Young (Allocation Failure) 8M->7M(11M) 0.229ms
[35.822s][info][gc] GC(30) Pause Young (Allocation Failure) 9M->6M(11M) 2.041ms
[44.660s][info][gc] GC(31) Pause Young (Allocation Failure) 8M->7M(11M) 0.374ms
[54.670s][info][gc] GC(32) Pause Young (Allocation Failure) 9M->7M(11M) 0.412ms
[74.926s][info][gc] GC(33) Pause Young (Allocation Failure) 9M->8M(11M) 0.762ms
[74.939s][info][gc] GC(34) Pause Full (Ergonomics) 8M->5M(11M) 12.289ms
[89.717s][info][gc] GC(35) Pause Young (Allocation Failure) 7M->6M(11M) 0.412ms
[110.940s][info][gc] GC(36) Pause Young (Allocation Failure) 8M->6M(11M) 0.417ms
[131.771s][info][gc] GC(37) Pause Young (Allocation Failure) 8M->6M(11M) 0.447ms
[153.798s][info][gc] GC(38) Pause Young (Allocation Failure) 8M->6M(11M) 0.270ms
[175.824s][info][gc] GC(39) Pause Young (Allocation Failure) 8M->6M(11M) 0.560ms
